Ideal world:
$ ssh wweng-scu-dc
$ scp file.txt wweng-scu-dc:/home/wweng/COEN280


== ssh login without pwd ==
1. install ssh-copy-id
Mac $ brew install ssh-copy-id

## if don’t have brew ##
brew: package manager on mac
to install:
/usr/bin/ruby -e "$(curl -fsSL https://raw.githubusercontent.com/Homebrew/install/master/install)"
ref:
http://brew.sh/
####

2. exchange ssh keys
$ ssh-copy-id wweng@linux.dc.engr.scu.edu
## enter your pwd

## if you have such err, generate new ssh keys ##
“/usr/local/bin/ssh-copy-id: ERROR: failed to open ID file '/Users/wendi/.pub': No such file or directory”
$ ssh-keygen
[and then hit ‘enter’ to all]
####

3. ssh login without pwd :)
$ ssh wweng@linux.dc.engr.scu.edu                                                
[wweng@linux60812 ~]$


== ssh auto complete ==
1. add ssh shortcut into ssh config file
$ sublime .ssh/config 
Host wweng-scu-dc
    user wweng
    HostName linux.dc.engr.scu.edu

2. enable bash auto complete in mac’s bash terminal (relaunch after this change)
$ echo complete -o default -o nospace -W "$(/usr/bin/env ruby -ne 'puts $_.split(/[,\s]+/)[1..-1].reject{|host| host.match(/\*|\?/)} if $_.match(/^\s*Host\s+/);' < $HOME/.ssh/config)" scp sftp ssh >> ~/.bash_profile

3. enjoy the auto-completion
$ ssh [tab]
$ ssh wweng-scu-dc
